// Jest Snapshot v1, https://goo.gl/fbAQLP

exports[`Intergration tests of /login Should match snapshot 1`] = `
Object {
  "asFragment": [Function],
  "baseElement": <body>
    <div>
      <div
        class="NavCont"
      >
        About
      </div>
      <div
        class="Container"
      >
        <div
          class="BrandBar"
        >
          <div
            class="Container"
          >
            <img
              alt="brand-logo"
              src="me-logo.png"
            />
            <div>
              <h1>
                Match eka
              </h1>
              <span>
                Powered by SeyComp.Lk
              </span>
            </div>
          </div>
        </div>
        <div
          class="MiddleBar"
        />
        <form
          class="FormBar"
        >
          <div
            class="Topic"
          >
            <h1>
              Login
            </h1>
            <p>
              Welcome to match eka!
            </p>
          </div>
          <div
            class="Container"
          >
            <input
              class="Input"
              placeholder="Enter your email"
              type="text"
              value=""
            />
          </div>
          <div
            class="Container"
          >
            <input
              class="Input"
              placeholder="Enter your password"
              type="text"
              value=""
            />
          </div>
          <button
            class="Button"
            type="submit"
          >
            <span>
              Login
            </span>
          </button>
          <div
            class="CreateCont"
          >
            <h1>
              Don't have an account?
            </h1>
            <a
              href="/user/register"
            >
              Create an account
            </a>
          </div>
        </form>
      </div>
    </div>
  </body>,
  "container": <div>
    <div
      class="NavCont"
    >
      About
    </div>
    <div
      class="Container"
    >
      <div
        class="BrandBar"
      >
        <div
          class="Container"
        >
          <img
            alt="brand-logo"
            src="me-logo.png"
          />
          <div>
            <h1>
              Match eka
            </h1>
            <span>
              Powered by SeyComp.Lk
            </span>
          </div>
        </div>
      </div>
      <div
        class="MiddleBar"
      />
      <form
        class="FormBar"
      >
        <div
          class="Topic"
        >
          <h1>
            Login
          </h1>
          <p>
            Welcome to match eka!
          </p>
        </div>
        <div
          class="Container"
        >
          <input
            class="Input"
            placeholder="Enter your email"
            type="text"
            value=""
          />
        </div>
        <div
          class="Container"
        >
          <input
            class="Input"
            placeholder="Enter your password"
            type="text"
            value=""
          />
        </div>
        <button
          class="Button"
          type="submit"
        >
          <span>
            Login
          </span>
        </button>
        <div
          class="CreateCont"
        >
          <h1>
            Don't have an account?
          </h1>
          <a
            href="/user/register"
          >
            Create an account
          </a>
        </div>
      </form>
    </div>
  </div>,
  "debug": [Function],
  "findAllByAltText": [Function],
  "findAllByDisplayValue": [Function],
  "findAllByLabelText": [Function],
  "findAllByPlaceholderText": [Function],
  "findAllByRole": [Function],
  "findAllByTestId": [Function],
  "findAllByText": [Function],
  "findAllByTitle": [Function],
  "findByAltText": [Function],
  "findByDisplayValue": [Function],
  "findByLabelText": [Function],
  "findByPlaceholderText": [Function],
  "findByRole": [Function],
  "findByTestId": [Function],
  "findByText": [Function],
  "findByTitle": [Function],
  "getAllByAltText": [Function],
  "getAllByDisplayValue": [Function],
  "getAllByLabelText": [Function],
  "getAllByPlaceholderText": [Function],
  "getAllByRole": [Function],
  "getAllByTestId": [Function],
  "getAllByText": [Function],
  "getAllByTitle": [Function],
  "getByAltText": [Function],
  "getByDisplayValue": [Function],
  "getByLabelText": [Function],
  "getByPlaceholderText": [Function],
  "getByRole": [Function],
  "getByTestId": [Function],
  "getByText": [Function],
  "getByTitle": [Function],
  "queryAllByAltText": [Function],
  "queryAllByDisplayValue": [Function],
  "queryAllByLabelText": [Function],
  "queryAllByPlaceholderText": [Function],
  "queryAllByRole": [Function],
  "queryAllByTestId": [Function],
  "queryAllByText": [Function],
  "queryAllByTitle": [Function],
  "queryByAltText": [Function],
  "queryByDisplayValue": [Function],
  "queryByLabelText": [Function],
  "queryByPlaceholderText": [Function],
  "queryByRole": [Function],
  "queryByTestId": [Function],
  "queryByText": [Function],
  "queryByTitle": [Function],
  "rerender": [Function],
  "unmount": [Function],
}
`;
